?   	_/var/lib/jenkins/workspace/go_pipeline	[no test files]
